HI-TECH Software 8051-C Compiler V9.60

Linker command line:

--edf=C:\PROGRA~2\HI-TEC~1\HC51\lite\9.60\dat\en_msgs.txt \
  -h+Z:\project1.sym -z -Q8051AH -ol.obj -MZ:\project1.map -E1 \
  -ver=8051-C#V9.60 -ACODE=00h-0FFFh -pvectors=00h \
  -prbit=0/20h,rbss,rdata/CODE,irdata/CODE,idata/rbss -pbss=XDATA/idata \
  -pdata=CODE+100h -pconst=CODE+100h -pstrings=CODE+100h -pnvram=bss,heap \
  C:\Users\dekry\AppData\Local\Temp\sceg.obj Z:\main_0.obj \
  C:\PROGRA~2\HI-TEC~1\HC51\lite\9.60\lib\51--nsc.lib 

Object code version is 3.8

Machine type is 8051AH

Call graph:

*start1 size 0,0 offset 0
*    _main size 0,12 offset 0
*        _draw size 0,0 offset 12
*            _sleep size 0,2 offset 12
*_interr size 0,0 offset 14

		Name          Link     Load   Length Selector Space Scale
C:\Users\dekry\AppData\Local\Temp\sceg.obj
		vectors          0        0        3       0     0
		text           147      147       14       0     0
Z:\main_0.obj   rbss            20       20        6      20     1
		text             3        3      144       0     0

C:\PROGRA~2\HI-TEC~1\HC51\lite\9.60\lib\51--nsc.lib
powerup.obj     text           15B      15B        3       0     0

COMMON          rbss            26       26        E      20     1

TOTAL		Name          Link     Load   Length
	CLASS	CODE     
		vectors          0        0        3
		text           147      147       14
		text             3        3      144
		text           15B      15B        3

	CLASS	DATA     
		rbss            20       20       14

	CLASS	XDATA    

	CLASS	BITSEG   



SEGMENTS	Name		Load	Length	 Top	Selector    Space Class

		vectors         000000	00015E	00015E	       0       0  CODE    
		rbit            000020	000014	000034	      20       1  BITSEG  


UNUSED ADDRESS RANGES

	CODE             15E-FFF

                                  Symbol Table

?a_main        rbss    026  ?a_sleep       rbss    032
__Bbss         bss     034  __Bidata       idata   034
__Birdata      irdata  003  __Brbit        rbit    020
__Brdata       rdata   003  __Hbss         bss     034
__Hcode        code    034  __Hconst       const   100
__Hdata        data    100  __Hheap        heap    034
__Hidata       idata   034  __Hirdata      irdata  034
__Hnvram       nvram   034  __Hrbit        rbit    000
__Hrbss        rbss    034  __Hrdata       rdata   034
__Hstrings     strings 100  __Htext        text    034
__Hvectors     vectors 003  __Lbss         bss     034
__Lcode        code    034  __Lconst       const   100
__Ldata        data    100  __Lheap        heap    034
__Lidata       idata   034  __Lirdata      irdata  034
__Lnvram       nvram   034  __Lrbit        rbit    000
__Lrbss        rbss    020  __Lrdata       rdata   034
__Lstrings     strings 100  __Ltext        text    034
__Lvectors     vectors 000  __S0           (abs)   15E
_draw          text    069  _exit          text    158
_i             rbss    020  _interr        text    003
_main          text    0BE  _period        rbss    022
_sleep         text    09A  _step          rbss    024
intlevel0      (abs)   000  intlevel1      (abs)   000
powerup        text    15B  small_model    (abs)   001
stack_internal (abs)   001  start          vectors 000
start1         text    147  
